<?php

require_once ('src/PhpFormatter.php');
$argc = $_SERVER['argc'];
$argv = $_SERVER['argv'];
if($argc < 2) {
    printf("Usage: %s input file [output file]\n" . "Input file can be '-' for stdin, " . "and output can be '_' for same as input.\n\n", $argv[0]);
    exit(0);
}

for($i = 10;
$i > 0;
$i--) {
    // do nothing
}
/* some comment */
$inputFile = $argv[1] == '-' ? 'php://stdin' : $argv[1];
$fileContent = file_get_contents($inputFile);
$formatter = new PHPFormatter();
$output = $formatter->format($fileContent);
echo $output;
